// Jest Snapshot v1, https://goo.gl/fbAQLP

exports[`Post Comment renders form 1`] = `
<div>
  <div
    className="post-comments"
  >
    <Comment
      body="Awesome"
      key="0"
    />
    <Comment
      body="Worse"
      key="1"
    />
  </div>
  <Form
    onFocus={[MockFunction]}
    onSubmit={[MockFunction]}
  />
</div>
`;
